<?xml version="1.0" encoding="UTF-8"?>
<TestRun id="c50939b0-fc80-4569-807f-79c0ee6b7bb0" name="Dial4Jobz@DIAL4JOBZ-PC 2014-03-17 10:14:04" runUser="Dial4Jobz-PC\Dial4Jobz" xmlns="http://microsoft.com/schemas/VisualStudio/TeamTest/2010">
  <TestSettings name="Default Test Settings" id="8307c7d4-75c3-48fc-b35f-d19ebcea099a">
    <Deployment runDeploymentRoot="Dial4Jobz_DIAL4JOBZ-PC 2014-03-17 10_14_04">
      <DeploymentItem filename="D:\udhaya\kannan\latest\D4J (1)\D4J\Dial4Jobz\Dial4Jobz\bin\Dial4Jobz.dll" />
    </Deployment>
    <Execution>
      <TestTypeSpecific />
      <AgentRule name="Execution Agents">
      </AgentRule>
    </Execution>
  </TestSettings>
  <Times creation="2014-03-17T10:14:04.4630115+05:30" queuing="2014-03-17T10:14:06.5871329+05:30" start="2014-03-17T10:14:06.6971392+05:30" finish="2014-03-17T10:14:09.0532740+05:30" />
  <ResultSummary outcome="Failed">
    <Counters total="17" executed="17" error="0" failed="17" timeout="0" aborted="0" inconclusive="0" passedButRunAborted="0" notRunnable="0" notExecuted="0" disconnected="0" warning="0" passed="0" completed="0" inProgress="0" pending="0" />
  </ResultSummary>
  <TestDefinitions>
    <UnitTest name="LogOff_LogsOutAndRedirects" storage="d:\udhaya\kannan\latest\d4j (1)\d4j\dial4jobz\dial4jobz.tests\bin\debug\dial4jobz.tests.dll" id="34939394-7f95-033d-78d3-ee4189fe58a8">
      <Execution id="2e8a0963-a4e7-4283-b08c-d9a28dfc93f9" />
      <TestMethod codeBase="D:/udhaya/kannan/latest/D4J (1)/D4J/Dial4Jobz/Dial4Jobz.Tests/bin/Debug/Dial4Jobz.Tests.DLL" adapterTypeName="Microsoft.VisualStudio.TestTools.TestTypes.Unit.UnitTestAdapter, Microsoft.VisualStudio.QualityTools.Tips.UnitTest.Adapter, Version=10.0.0.0, Culture=neutral, PublicKeyToken=b03f5f7f11d50a3a" className="Dial4Jobz.Tests.Controllers.AccountControllerTest, Dial4Jobz.Tests, Version=1.0.0.0, Culture=neutral, PublicKeyToken=null" name="LogOff_LogsOutAndRedirects" />
    </UnitTest>
    <UnitTest name="Register_Post_ReturnsRedirectOnSuccess" storage="d:\udhaya\kannan\latest\d4j (1)\d4j\dial4jobz\dial4jobz.tests\bin\debug\dial4jobz.tests.dll" id="dbfc1878-09ba-49b0-1b06-5ed7cf8bc1b0">
      <Execution id="213c34d8-708e-412e-b6cf-a47cb6d5504d" />
      <TestMethod codeBase="D:/udhaya/kannan/latest/D4J (1)/D4J/Dial4Jobz/Dial4Jobz.Tests/bin/Debug/Dial4Jobz.Tests.DLL" adapterTypeName="Microsoft.VisualStudio.TestTools.TestTypes.Unit.UnitTestAdapter, Microsoft.VisualStudio.QualityTools.Tips.UnitTest.Adapter, Version=10.0.0.0, Culture=neutral, PublicKeyToken=b03f5f7f11d50a3a" className="Dial4Jobz.Tests.Controllers.AccountControllerTest, Dial4Jobz.Tests, Version=1.0.0.0, Culture=neutral, PublicKeyToken=null" name="Register_Post_ReturnsRedirectOnSuccess" />
    </UnitTest>
    <UnitTest name="Register_Get_ReturnsView" storage="d:\udhaya\kannan\latest\d4j (1)\d4j\dial4jobz\dial4jobz.tests\bin\debug\dial4jobz.tests.dll" id="b47b0f2b-2e0c-1785-8628-2e60de42438e">
      <Execution id="0d857e98-efb5-4a3c-9559-7b2891940282" />
      <TestMethod codeBase="D:/udhaya/kannan/latest/D4J (1)/D4J/Dial4Jobz/Dial4Jobz.Tests/bin/Debug/Dial4Jobz.Tests.DLL" adapterTypeName="Microsoft.VisualStudio.TestTools.TestTypes.Unit.UnitTestAdapter, Microsoft.VisualStudio.QualityTools.Tips.UnitTest.Adapter, Version=10.0.0.0, Culture=neutral, PublicKeyToken=b03f5f7f11d50a3a" className="Dial4Jobz.Tests.Controllers.AccountControllerTest, Dial4Jobz.Tests, Version=1.0.0.0, Culture=neutral, PublicKeyToken=null" name="Register_Get_ReturnsView" />
    </UnitTest>
    <UnitTest name="LogOn_Post_ReturnsRedirectOnSuccess_WithoutReturnUrl" storage="d:\udhaya\kannan\latest\d4j (1)\d4j\dial4jobz\dial4jobz.tests\bin\debug\dial4jobz.tests.dll" id="0a2e69cc-e55f-517c-3b91-d8f3b5887227">
      <Execution id="79110131-b027-43c2-ba3c-77089a282210" />
      <TestMethod codeBase="D:/udhaya/kannan/latest/D4J (1)/D4J/Dial4Jobz/Dial4Jobz.Tests/bin/Debug/Dial4Jobz.Tests.DLL" adapterTypeName="Microsoft.VisualStudio.TestTools.TestTypes.Unit.UnitTestAdapter, Microsoft.VisualStudio.QualityTools.Tips.UnitTest.Adapter, Version=10.0.0.0, Culture=neutral, PublicKeyToken=b03f5f7f11d50a3a" className="Dial4Jobz.Tests.Controllers.AccountControllerTest, Dial4Jobz.Tests, Version=1.0.0.0, Culture=neutral, PublicKeyToken=null" name="LogOn_Post_ReturnsRedirectOnSuccess_WithoutReturnUrl" />
    </UnitTest>
    <UnitTest name="LogOn_Post_ReturnsRedirectOnSuccess_WithReturnUrl" storage="d:\udhaya\kannan\latest\d4j (1)\d4j\dial4jobz\dial4jobz.tests\bin\debug\dial4jobz.tests.dll" id="6cd5f15c-af3a-a13c-5eda-62a3835ebe18">
      <Execution id="48b54171-b467-45da-a9f3-6bbe3c36aaf7" />
      <TestMethod codeBase="D:/udhaya/kannan/latest/D4J (1)/D4J/Dial4Jobz/Dial4Jobz.Tests/bin/Debug/Dial4Jobz.Tests.DLL" adapterTypeName="Microsoft.VisualStudio.TestTools.TestTypes.Unit.UnitTestAdapter, Microsoft.VisualStudio.QualityTools.Tips.UnitTest.Adapter, Version=10.0.0.0, Culture=neutral, PublicKeyToken=b03f5f7f11d50a3a" className="Dial4Jobz.Tests.Controllers.AccountControllerTest, Dial4Jobz.Tests, Version=1.0.0.0, Culture=neutral, PublicKeyToken=null" name="LogOn_Post_ReturnsRedirectOnSuccess_WithReturnUrl" />
    </UnitTest>
    <UnitTest name="LogOn_Post_ReturnsViewIfModelStateIsInvalid" storage="d:\udhaya\kannan\latest\d4j (1)\d4j\dial4jobz\dial4jobz.tests\bin\debug\dial4jobz.tests.dll" id="a1e3cebc-a18c-1bbe-e878-e5aac6e12e67">
      <Execution id="4739de61-ab85-47de-9838-bfbad43da6af" />
      <TestMethod codeBase="D:/udhaya/kannan/latest/D4J (1)/D4J/Dial4Jobz/Dial4Jobz.Tests/bin/Debug/Dial4Jobz.Tests.DLL" adapterTypeName="Microsoft.VisualStudio.TestTools.TestTypes.Unit.UnitTestAdapter, Microsoft.VisualStudio.QualityTools.Tips.UnitTest.Adapter, Version=10.0.0.0, Culture=neutral, PublicKeyToken=b03f5f7f11d50a3a" className="Dial4Jobz.Tests.Controllers.AccountControllerTest, Dial4Jobz.Tests, Version=1.0.0.0, Culture=neutral, PublicKeyToken=null" name="LogOn_Post_ReturnsViewIfModelStateIsInvalid" />
    </UnitTest>
    <UnitTest name="ChangePasswordSuccess_ReturnsView" storage="d:\udhaya\kannan\latest\d4j (1)\d4j\dial4jobz\dial4jobz.tests\bin\debug\dial4jobz.tests.dll" id="118521c1-fb6c-0cd0-f919-71fe1250f425">
      <Execution id="6b4a95fb-7fcc-4701-9110-af152b8b3767" />
      <TestMethod codeBase="D:/udhaya/kannan/latest/D4J (1)/D4J/Dial4Jobz/Dial4Jobz.Tests/bin/Debug/Dial4Jobz.Tests.DLL" adapterTypeName="Microsoft.VisualStudio.TestTools.TestTypes.Unit.UnitTestAdapter, Microsoft.VisualStudio.QualityTools.Tips.UnitTest.Adapter, Version=10.0.0.0, Culture=neutral, PublicKeyToken=b03f5f7f11d50a3a" className="Dial4Jobz.Tests.Controllers.AccountControllerTest, Dial4Jobz.Tests, Version=1.0.0.0, Culture=neutral, PublicKeyToken=null" name="ChangePasswordSuccess_ReturnsView" />
    </UnitTest>
    <UnitTest name="Index" storage="d:\udhaya\kannan\latest\d4j (1)\d4j\dial4jobz\dial4jobz.tests\bin\debug\dial4jobz.tests.dll" id="0f4d75fd-c35c-50e4-bcbf-274733e29352">
      <Execution id="bfff226d-e3da-41f4-9aa5-64d5eed36b08" />
      <TestMethod codeBase="D:/udhaya/kannan/latest/D4J (1)/D4J/Dial4Jobz/Dial4Jobz.Tests/bin/Debug/Dial4Jobz.Tests.DLL" adapterTypeName="Microsoft.VisualStudio.TestTools.TestTypes.Unit.UnitTestAdapter, Microsoft.VisualStudio.QualityTools.Tips.UnitTest.Adapter, Version=10.0.0.0, Culture=neutral, PublicKeyToken=b03f5f7f11d50a3a" className="Dial4Jobz.Tests.Controllers.HomeControllerTest, Dial4Jobz.Tests, Version=1.0.0.0, Culture=neutral, PublicKeyToken=null" name="Index" />
    </UnitTest>
    <UnitTest name="About" storage="d:\udhaya\kannan\latest\d4j (1)\d4j\dial4jobz\dial4jobz.tests\bin\debug\dial4jobz.tests.dll" id="97377115-8f77-730e-b40c-f370f3479b61">
      <Execution id="513bddc9-a974-4d47-bfb7-0a55d03f403a" />
      <TestMethod codeBase="D:/udhaya/kannan/latest/D4J (1)/D4J/Dial4Jobz/Dial4Jobz.Tests/bin/Debug/Dial4Jobz.Tests.DLL" adapterTypeName="Microsoft.VisualStudio.TestTools.TestTypes.Unit.UnitTestAdapter, Microsoft.VisualStudio.QualityTools.Tips.UnitTest.Adapter, Version=10.0.0.0, Culture=neutral, PublicKeyToken=b03f5f7f11d50a3a" className="Dial4Jobz.Tests.Controllers.HomeControllerTest, Dial4Jobz.Tests, Version=1.0.0.0, Culture=neutral, PublicKeyToken=null" name="About" />
    </UnitTest>
    <UnitTest name="LogOn_Get_ReturnsView" storage="d:\udhaya\kannan\latest\d4j (1)\d4j\dial4jobz\dial4jobz.tests\bin\debug\dial4jobz.tests.dll" id="c4a50e0e-5e0b-a5ac-3bf3-3a8ea76c3904">
      <Execution id="0acb78a7-5377-4e6a-bd37-86143260dd90" />
      <TestMethod codeBase="D:/udhaya/kannan/latest/D4J (1)/D4J/Dial4Jobz/Dial4Jobz.Tests/bin/Debug/Dial4Jobz.Tests.DLL" adapterTypeName="Microsoft.VisualStudio.TestTools.TestTypes.Unit.UnitTestAdapter, Microsoft.VisualStudio.QualityTools.Tips.UnitTest.Adapter, Version=10.0.0.0, Culture=neutral, PublicKeyToken=b03f5f7f11d50a3a" className="Dial4Jobz.Tests.Controllers.AccountControllerTest, Dial4Jobz.Tests, Version=1.0.0.0, Culture=neutral, PublicKeyToken=null" name="LogOn_Get_ReturnsView" />
    </UnitTest>
    <UnitTest name="Register_Post_ReturnsViewIfModelStateIsInvalid" storage="d:\udhaya\kannan\latest\d4j (1)\d4j\dial4jobz\dial4jobz.tests\bin\debug\dial4jobz.tests.dll" id="425a2982-2abe-aa89-cb98-83febba728bb">
      <Execution id="e7db0ec4-9d46-4273-8332-dae52709134c" />
      <TestMethod codeBase="D:/udhaya/kannan/latest/D4J (1)/D4J/Dial4Jobz/Dial4Jobz.Tests/bin/Debug/Dial4Jobz.Tests.DLL" adapterTypeName="Microsoft.VisualStudio.TestTools.TestTypes.Unit.UnitTestAdapter, Microsoft.VisualStudio.QualityTools.Tips.UnitTest.Adapter, Version=10.0.0.0, Culture=neutral, PublicKeyToken=b03f5f7f11d50a3a" className="Dial4Jobz.Tests.Controllers.AccountControllerTest, Dial4Jobz.Tests, Version=1.0.0.0, Culture=neutral, PublicKeyToken=null" name="Register_Post_ReturnsViewIfModelStateIsInvalid" />
    </UnitTest>
    <UnitTest name="LogOn_Post_ReturnsViewIfValidateUserFails" storage="d:\udhaya\kannan\latest\d4j (1)\d4j\dial4jobz\dial4jobz.tests\bin\debug\dial4jobz.tests.dll" id="d0dd70e2-6bbc-0b21-2af5-412af563a0e6">
      <Execution id="eb1c021d-ec50-45d2-b8ae-e556a9bc76a1" />
      <TestMethod codeBase="D:/udhaya/kannan/latest/D4J (1)/D4J/Dial4Jobz/Dial4Jobz.Tests/bin/Debug/Dial4Jobz.Tests.DLL" adapterTypeName="Microsoft.VisualStudio.TestTools.TestTypes.Unit.UnitTestAdapter, Microsoft.VisualStudio.QualityTools.Tips.UnitTest.Adapter, Version=10.0.0.0, Culture=neutral, PublicKeyToken=b03f5f7f11d50a3a" className="Dial4Jobz.Tests.Controllers.AccountControllerTest, Dial4Jobz.Tests, Version=1.0.0.0, Culture=neutral, PublicKeyToken=null" name="LogOn_Post_ReturnsViewIfValidateUserFails" />
    </UnitTest>
    <UnitTest name="ChangePassword_Post_ReturnsViewIfModelStateIsInvalid" storage="d:\udhaya\kannan\latest\d4j (1)\d4j\dial4jobz\dial4jobz.tests\bin\debug\dial4jobz.tests.dll" id="a6494fca-178f-bab7-7303-58228f4f8840">
      <Execution id="4d30517c-6874-49cf-b18f-5d7678ba3319" />
      <TestMethod codeBase="D:/udhaya/kannan/latest/D4J (1)/D4J/Dial4Jobz/Dial4Jobz.Tests/bin/Debug/Dial4Jobz.Tests.DLL" adapterTypeName="Microsoft.VisualStudio.TestTools.TestTypes.Unit.UnitTestAdapter, Microsoft.VisualStudio.QualityTools.Tips.UnitTest.Adapter, Version=10.0.0.0, Culture=neutral, PublicKeyToken=b03f5f7f11d50a3a" className="Dial4Jobz.Tests.Controllers.AccountControllerTest, Dial4Jobz.Tests, Version=1.0.0.0, Culture=neutral, PublicKeyToken=null" name="ChangePassword_Post_ReturnsViewIfModelStateIsInvalid" />
    </UnitTest>
    <UnitTest name="Register_Post_ReturnsViewIfRegistrationFails" storage="d:\udhaya\kannan\latest\d4j (1)\d4j\dial4jobz\dial4jobz.tests\bin\debug\dial4jobz.tests.dll" id="30ea97f5-c6a8-014a-dbe0-9500a95a0f3d">
      <Execution id="61bfd71e-f759-4a3d-b77c-6a291af11963" />
      <TestMethod codeBase="D:/udhaya/kannan/latest/D4J (1)/D4J/Dial4Jobz/Dial4Jobz.Tests/bin/Debug/Dial4Jobz.Tests.DLL" adapterTypeName="Microsoft.VisualStudio.TestTools.TestTypes.Unit.UnitTestAdapter, Microsoft.VisualStudio.QualityTools.Tips.UnitTest.Adapter, Version=10.0.0.0, Culture=neutral, PublicKeyToken=b03f5f7f11d50a3a" className="Dial4Jobz.Tests.Controllers.AccountControllerTest, Dial4Jobz.Tests, Version=1.0.0.0, Culture=neutral, PublicKeyToken=null" name="Register_Post_ReturnsViewIfRegistrationFails" />
    </UnitTest>
    <UnitTest name="ChangePassword_Get_ReturnsView" storage="d:\udhaya\kannan\latest\d4j (1)\d4j\dial4jobz\dial4jobz.tests\bin\debug\dial4jobz.tests.dll" id="1c36afd6-1957-5208-42e3-92c3edacad23">
      <Execution id="599544bf-5f3d-4538-954e-d8ef9693db9b" />
      <TestMethod codeBase="D:/udhaya/kannan/latest/D4J (1)/D4J/Dial4Jobz/Dial4Jobz.Tests/bin/Debug/Dial4Jobz.Tests.DLL" adapterTypeName="Microsoft.VisualStudio.TestTools.TestTypes.Unit.UnitTestAdapter, Microsoft.VisualStudio.QualityTools.Tips.UnitTest.Adapter, Version=10.0.0.0, Culture=neutral, PublicKeyToken=b03f5f7f11d50a3a" className="Dial4Jobz.Tests.Controllers.AccountControllerTest, Dial4Jobz.Tests, Version=1.0.0.0, Culture=neutral, PublicKeyToken=null" name="ChangePassword_Get_ReturnsView" />
    </UnitTest>
    <UnitTest name="ChangePassword_Post_ReturnsViewIfChangePasswordFails" storage="d:\udhaya\kannan\latest\d4j (1)\d4j\dial4jobz\dial4jobz.tests\bin\debug\dial4jobz.tests.dll" id="480e3065-4e9d-c2e5-85e5-151883a23700">
      <Execution id="09188aeb-0e19-4a40-a4db-525cec21e9c5" />
      <TestMethod codeBase="D:/udhaya/kannan/latest/D4J (1)/D4J/Dial4Jobz/Dial4Jobz.Tests/bin/Debug/Dial4Jobz.Tests.DLL" adapterTypeName="Microsoft.VisualStudio.TestTools.TestTypes.Unit.UnitTestAdapter, Microsoft.VisualStudio.QualityTools.Tips.UnitTest.Adapter, Version=10.0.0.0, Culture=neutral, PublicKeyToken=b03f5f7f11d50a3a" className="Dial4Jobz.Tests.Controllers.AccountControllerTest, Dial4Jobz.Tests, Version=1.0.0.0, Culture=neutral, PublicKeyToken=null" name="ChangePassword_Post_ReturnsViewIfChangePasswordFails" />
    </UnitTest>
    <UnitTest name="ChangePassword_Post_ReturnsRedirectOnSuccess" storage="d:\udhaya\kannan\latest\d4j (1)\d4j\dial4jobz\dial4jobz.tests\bin\debug\dial4jobz.tests.dll" id="7b4c101a-0ba7-1901-9a66-a2f27ae7e7d2">
      <Execution id="a124a40e-09d4-46d9-b900-9335a85eb29c" />
      <TestMethod codeBase="D:/udhaya/kannan/latest/D4J (1)/D4J/Dial4Jobz/Dial4Jobz.Tests/bin/Debug/Dial4Jobz.Tests.DLL" adapterTypeName="Microsoft.VisualStudio.TestTools.TestTypes.Unit.UnitTestAdapter, Microsoft.VisualStudio.QualityTools.Tips.UnitTest.Adapter, Version=10.0.0.0, Culture=neutral, PublicKeyToken=b03f5f7f11d50a3a" className="Dial4Jobz.Tests.Controllers.AccountControllerTest, Dial4Jobz.Tests, Version=1.0.0.0, Culture=neutral, PublicKeyToken=null" name="ChangePassword_Post_ReturnsRedirectOnSuccess" />
    </UnitTest>
  </TestDefinitions>
  <TestLists>
    <TestList name="Results Not in a List" id="8c84fa94-04c1-424b-9868-57a2d4851a1d" />
    <TestList name="All Loaded Results" id="19431567-8539-422a-85d7-44ee4e166bda" />
  </TestLists>
  <TestEntries>
    <TestEntry testId="0a2e69cc-e55f-517c-3b91-d8f3b5887227" executionId="79110131-b027-43c2-ba3c-77089a282210" testListId="8c84fa94-04c1-424b-9868-57a2d4851a1d" />
    <TestEntry testId="0f4d75fd-c35c-50e4-bcbf-274733e29352" executionId="bfff226d-e3da-41f4-9aa5-64d5eed36b08" testListId="8c84fa94-04c1-424b-9868-57a2d4851a1d" />
    <TestEntry testId="118521c1-fb6c-0cd0-f919-71fe1250f425" executionId="6b4a95fb-7fcc-4701-9110-af152b8b3767" testListId="8c84fa94-04c1-424b-9868-57a2d4851a1d" />
    <TestEntry testId="1c36afd6-1957-5208-42e3-92c3edacad23" executionId="599544bf-5f3d-4538-954e-d8ef9693db9b" testListId="8c84fa94-04c1-424b-9868-57a2d4851a1d" />
    <TestEntry testId="30ea97f5-c6a8-014a-dbe0-9500a95a0f3d" executionId="61bfd71e-f759-4a3d-b77c-6a291af11963" testListId="8c84fa94-04c1-424b-9868-57a2d4851a1d" />
    <TestEntry testId="34939394-7f95-033d-78d3-ee4189fe58a8" executionId="2e8a0963-a4e7-4283-b08c-d9a28dfc93f9" testListId="8c84fa94-04c1-424b-9868-57a2d4851a1d" />
    <TestEntry testId="425a2982-2abe-aa89-cb98-83febba728bb" executionId="e7db0ec4-9d46-4273-8332-dae52709134c" testListId="8c84fa94-04c1-424b-9868-57a2d4851a1d" />
    <TestEntry testId="480e3065-4e9d-c2e5-85e5-151883a23700" executionId="09188aeb-0e19-4a40-a4db-525cec21e9c5" testListId="8c84fa94-04c1-424b-9868-57a2d4851a1d" />
    <TestEntry testId="6cd5f15c-af3a-a13c-5eda-62a3835ebe18" executionId="48b54171-b467-45da-a9f3-6bbe3c36aaf7" testListId="8c84fa94-04c1-424b-9868-57a2d4851a1d" />
    <TestEntry testId="7b4c101a-0ba7-1901-9a66-a2f27ae7e7d2" executionId="a124a40e-09d4-46d9-b900-9335a85eb29c" testListId="8c84fa94-04c1-424b-9868-57a2d4851a1d" />
    <TestEntry testId="97377115-8f77-730e-b40c-f370f3479b61" executionId="513bddc9-a974-4d47-bfb7-0a55d03f403a" testListId="8c84fa94-04c1-424b-9868-57a2d4851a1d" />
    <TestEntry testId="a1e3cebc-a18c-1bbe-e878-e5aac6e12e67" executionId="4739de61-ab85-47de-9838-bfbad43da6af" testListId="8c84fa94-04c1-424b-9868-57a2d4851a1d" />
    <TestEntry testId="a6494fca-178f-bab7-7303-58228f4f8840" executionId="4d30517c-6874-49cf-b18f-5d7678ba3319" testListId="8c84fa94-04c1-424b-9868-57a2d4851a1d" />
    <TestEntry testId="b47b0f2b-2e0c-1785-8628-2e60de42438e" executionId="0d857e98-efb5-4a3c-9559-7b2891940282" testListId="8c84fa94-04c1-424b-9868-57a2d4851a1d" />
    <TestEntry testId="c4a50e0e-5e0b-a5ac-3bf3-3a8ea76c3904" executionId="0acb78a7-5377-4e6a-bd37-86143260dd90" testListId="8c84fa94-04c1-424b-9868-57a2d4851a1d" />
    <TestEntry testId="d0dd70e2-6bbc-0b21-2af5-412af563a0e6" executionId="eb1c021d-ec50-45d2-b8ae-e556a9bc76a1" testListId="8c84fa94-04c1-424b-9868-57a2d4851a1d" />
    <TestEntry testId="dbfc1878-09ba-49b0-1b06-5ed7cf8bc1b0" executionId="213c34d8-708e-412e-b6cf-a47cb6d5504d" testListId="8c84fa94-04c1-424b-9868-57a2d4851a1d" />
  </TestEntries>
  <Results>
    <UnitTestResult executionId="79110131-b027-43c2-ba3c-77089a282210" testId="0a2e69cc-e55f-517c-3b91-d8f3b5887227" testName="LogOn_Post_ReturnsRedirectOnSuccess_WithoutReturnUrl" computerName="DIAL4JOBZ-PC" duration="00:00:00.6935880" startTime="2014-03-17T10:14:07.1901674+05:30" endTime="2014-03-17T10:14:08.9002652+05:30" testType="13cdc9d9-ddb5-4fa4-a97d-d965ccfc6d4b" outcome="Failed" testListId="8c84fa94-04c1-424b-9868-57a2d4851a1d" relativeResultsDirectory="79110131-b027-43c2-ba3c-77089a282210">
      <Output>
        <ErrorInfo>
          <Message>Test method Dial4Jobz.Tests.Controllers.AccountControllerTest.LogOn_Post_ReturnsRedirectOnSuccess_WithoutReturnUrl threw exception: 
System.ArgumentException: The specified named connection is either not found in the configuration, not intended to be used with the EntityClient provider, or not valid.</Message>
          <StackTrace>    at System.Data.EntityClient.EntityConnection.ChangeConnectionString(String newConnectionString)
   at System.Data.EntityClient.EntityConnection..ctor(String connectionString)
   at System.Data.Objects.ObjectContext.CreateEntityConnection(String connectionString)
   at System.Data.Objects.ObjectContext..ctor(String connectionString, String defaultContainerName)
   at Dial4Jobz.Models.Dial4JobzEntities..ctor() in D:\udhaya\kannan\latest\D4J (1)\D4J\Dial4Jobz\Dial4Jobz\Models\Dial4Jobz.Designer.cs:line 93
   at Dial4Jobz.Models.Repositories.Repository..ctor() in D:\udhaya\kannan\latest\D4J (1)\D4J\Dial4Jobz\Dial4Jobz\Models\Repositories\Repository.cs:line 14
   at Dial4Jobz.Controllers.AccountController..ctor() in D:\udhaya\kannan\latest\D4J (1)\D4J\Dial4Jobz\Dial4Jobz\Controllers\AccountController.cs:line 22
   at Dial4Jobz.Tests.Controllers.AccountControllerTest.GetAccountController() in D:\udhaya\kannan\latest\D4J (1)\D4J\Dial4Jobz\Dial4Jobz.Tests\Controllers\AccountControllerTest.cs:line 322
   at Dial4Jobz.Tests.Controllers.AccountControllerTest.LogOn_Post_ReturnsRedirectOnSuccess_WithoutReturnUrl() in D:\udhaya\kannan\latest\D4J (1)\D4J\Dial4Jobz\Dial4Jobz.Tests\Controllers\AccountControllerTest.cs:line 147
</StackTrace>
        </ErrorInfo>
      </Output>
    </UnitTestResult>
    <UnitTestResult executionId="bfff226d-e3da-41f4-9aa5-64d5eed36b08" testId="0f4d75fd-c35c-50e4-bcbf-274733e29352" testName="Index" computerName="DIAL4JOBZ-PC" duration="00:00:00.0056096" startTime="2014-03-17T10:14:08.9032654+05:30" endTime="2014-03-17T10:14:08.9112659+05:30" testType="13cdc9d9-ddb5-4fa4-a97d-d965ccfc6d4b" outcome="Failed" testListId="8c84fa94-04c1-424b-9868-57a2d4851a1d" relativeResultsDirectory="bfff226d-e3da-41f4-9aa5-64d5eed36b08">
      <Output>
        <ErrorInfo>
          <Message>Test method Dial4Jobz.Tests.Controllers.HomeControllerTest.Index threw exception: 
System.ArgumentException: The specified named connection is either not found in the configuration, not intended to be used with the EntityClient provider, or not valid.</Message>
          <StackTrace>    at System.Data.EntityClient.EntityConnection.ChangeConnectionString(String newConnectionString)
   at System.Data.EntityClient.EntityConnection..ctor(String connectionString)
   at System.Data.Objects.ObjectContext.CreateEntityConnection(String connectionString)
   at System.Data.Objects.ObjectContext..ctor(String connectionString, String defaultContainerName)
   at Dial4Jobz.Models.Dial4JobzEntities..ctor() in D:\udhaya\kannan\latest\D4J (1)\D4J\Dial4Jobz\Dial4Jobz\Models\Dial4Jobz.Designer.cs:line 93
   at Dial4Jobz.Models.Repositories.Repository..ctor() in D:\udhaya\kannan\latest\D4J (1)\D4J\Dial4Jobz\Dial4Jobz\Models\Repositories\Repository.cs:line 14
   at Dial4Jobz.Controllers.HomeController..ctor() in D:\udhaya\kannan\latest\D4J (1)\D4J\Dial4Jobz\Dial4Jobz\Controllers\HomeController.cs:line 20
   at Dial4Jobz.Tests.Controllers.HomeControllerTest.Index() in D:\udhaya\kannan\latest\D4J (1)\D4J\Dial4Jobz\Dial4Jobz.Tests\Controllers\HomeControllerTest.cs:line 19
</StackTrace>
        </ErrorInfo>
      </Output>
    </UnitTestResult>
    <UnitTestResult executionId="6b4a95fb-7fcc-4701-9110-af152b8b3767" testId="118521c1-fb6c-0cd0-f919-71fe1250f425" testName="ChangePasswordSuccess_ReturnsView" computerName="DIAL4JOBZ-PC" duration="00:00:00.0057033" startTime="2014-03-17T10:14:08.9122659+05:30" endTime="2014-03-17T10:14:08.9202664+05:30" testType="13cdc9d9-ddb5-4fa4-a97d-d965ccfc6d4b" outcome="Failed" testListId="8c84fa94-04c1-424b-9868-57a2d4851a1d" relativeResultsDirectory="6b4a95fb-7fcc-4701-9110-af152b8b3767">
      <Output>
        <ErrorInfo>
          <Message>Test method Dial4Jobz.Tests.Controllers.AccountControllerTest.ChangePasswordSuccess_ReturnsView threw exception: 
System.ArgumentException: The specified named connection is either not found in the configuration, not intended to be used with the EntityClient provider, or not valid.</Message>
          <StackTrace>    at System.Data.EntityClient.EntityConnection.ChangeConnectionString(String newConnectionString)
   at System.Data.EntityClient.EntityConnection..ctor(String connectionString)
   at System.Data.Objects.ObjectContext.CreateEntityConnection(String connectionString)
   at System.Data.Objects.ObjectContext..ctor(String connectionString, String defaultContainerName)
   at Dial4Jobz.Models.Dial4JobzEntities..ctor() in D:\udhaya\kannan\latest\D4J (1)\D4J\Dial4Jobz\Dial4Jobz\Models\Dial4Jobz.Designer.cs:line 93
   at Dial4Jobz.Models.Repositories.Repository..ctor() in D:\udhaya\kannan\latest\D4J (1)\D4J\Dial4Jobz\Dial4Jobz\Models\Repositories\Repository.cs:line 14
   at Dial4Jobz.Controllers.AccountController..ctor() in D:\udhaya\kannan\latest\D4J (1)\D4J\Dial4Jobz\Dial4Jobz\Controllers\AccountController.cs:line 22
   at Dial4Jobz.Tests.Controllers.AccountControllerTest.GetAccountController() in D:\udhaya\kannan\latest\D4J (1)\D4J\Dial4Jobz\Dial4Jobz.Tests\Controllers\AccountControllerTest.cs:line 322
   at Dial4Jobz.Tests.Controllers.AccountControllerTest.ChangePasswordSuccess_ReturnsView() in D:\udhaya\kannan\latest\D4J (1)\D4J\Dial4Jobz\Dial4Jobz.Tests\Controllers\AccountControllerTest.cs:line 104
</StackTrace>
        </ErrorInfo>
      </Output>
    </UnitTestResult>
    <UnitTestResult executionId="599544bf-5f3d-4538-954e-d8ef9693db9b" testId="1c36afd6-1957-5208-42e3-92c3edacad23" testName="ChangePassword_Get_ReturnsView" computerName="DIAL4JOBZ-PC" duration="00:00:00.0017057" startTime="2014-03-17T10:14:08.9232666+05:30" endTime="2014-03-17T10:14:08.9282668+05:30" testType="13cdc9d9-ddb5-4fa4-a97d-d965ccfc6d4b" outcome="Failed" testListId="8c84fa94-04c1-424b-9868-57a2d4851a1d" relativeResultsDirectory="599544bf-5f3d-4538-954e-d8ef9693db9b">
      <Output>
        <ErrorInfo>
          <Message>Test method Dial4Jobz.Tests.Controllers.AccountControllerTest.ChangePassword_Get_ReturnsView threw exception: 
System.ArgumentException: The specified named connection is either not found in the configuration, not intended to be used with the EntityClient provider, or not valid.</Message>
          <StackTrace>    at System.Data.EntityClient.EntityConnection.ChangeConnectionString(String newConnectionString)
   at System.Data.EntityClient.EntityConnection..ctor(String connectionString)
   at System.Data.Objects.ObjectContext.CreateEntityConnection(String connectionString)
   at System.Data.Objects.ObjectContext..ctor(String connectionString, String defaultContainerName)
   at Dial4Jobz.Models.Dial4JobzEntities..ctor() in D:\udhaya\kannan\latest\D4J (1)\D4J\Dial4Jobz\Dial4Jobz\Models\Dial4Jobz.Designer.cs:line 93
   at Dial4Jobz.Models.Repositories.Repository..ctor() in D:\udhaya\kannan\latest\D4J (1)\D4J\Dial4Jobz\Dial4Jobz\Models\Repositories\Repository.cs:line 14
   at Dial4Jobz.Controllers.AccountController..ctor() in D:\udhaya\kannan\latest\D4J (1)\D4J\Dial4Jobz\Dial4Jobz\Controllers\AccountController.cs:line 22
   at Dial4Jobz.Tests.Controllers.AccountControllerTest.GetAccountController() in D:\udhaya\kannan\latest\D4J (1)\D4J\Dial4Jobz\Dial4Jobz.Tests\Controllers\AccountControllerTest.cs:line 322
   at Dial4Jobz.Tests.Controllers.AccountControllerTest.ChangePassword_Get_ReturnsView() in D:\udhaya\kannan\latest\D4J (1)\D4J\Dial4Jobz\Dial4Jobz.Tests\Controllers\AccountControllerTest.cs:line 23
</StackTrace>
        </ErrorInfo>
      </Output>
    </UnitTestResult>
    <UnitTestResult executionId="61bfd71e-f759-4a3d-b77c-6a291af11963" testId="30ea97f5-c6a8-014a-dbe0-9500a95a0f3d" testName="Register_Post_ReturnsViewIfRegistrationFails" computerName="DIAL4JOBZ-PC" duration="00:00:00.0025254" startTime="2014-03-17T10:14:08.9292669+05:30" endTime="2014-03-17T10:14:08.9362673+05:30" testType="13cdc9d9-ddb5-4fa4-a97d-d965ccfc6d4b" outcome="Failed" testListId="8c84fa94-04c1-424b-9868-57a2d4851a1d" relativeResultsDirectory="61bfd71e-f759-4a3d-b77c-6a291af11963">
      <Output>
        <ErrorInfo>
          <Message>Test method Dial4Jobz.Tests.Controllers.AccountControllerTest.Register_Post_ReturnsViewIfRegistrationFails threw exception: 
System.ArgumentException: The specified named connection is either not found in the configuration, not intended to be used with the EntityClient provider, or not valid.</Message>
          <StackTrace>    at System.Data.EntityClient.EntityConnection.ChangeConnectionString(String newConnectionString)
   at System.Data.EntityClient.EntityConnection..ctor(String connectionString)
   at System.Data.Objects.ObjectContext.CreateEntityConnection(String connectionString)
   at System.Data.Objects.ObjectContext..ctor(String connectionString, String defaultContainerName)
   at Dial4Jobz.Models.Dial4JobzEntities..ctor() in D:\udhaya\kannan\latest\D4J (1)\D4J\Dial4Jobz\Dial4Jobz\Models\Dial4Jobz.Designer.cs:line 93
   at Dial4Jobz.Models.Repositories.Repository..ctor() in D:\udhaya\kannan\latest\D4J (1)\D4J\Dial4Jobz\Dial4Jobz\Models\Repositories\Repository.cs:line 14
   at Dial4Jobz.Controllers.AccountController..ctor() in D:\udhaya\kannan\latest\D4J (1)\D4J\Dial4Jobz\Dial4Jobz\Controllers\AccountController.cs:line 22
   at Dial4Jobz.Tests.Controllers.AccountControllerTest.GetAccountController() in D:\udhaya\kannan\latest\D4J (1)\D4J\Dial4Jobz\Dial4Jobz.Tests\Controllers\AccountControllerTest.cs:line 322
   at Dial4Jobz.Tests.Controllers.AccountControllerTest.Register_Post_ReturnsViewIfRegistrationFails() in D:\udhaya\kannan\latest\D4J (1)\D4J\Dial4Jobz\Dial4Jobz.Tests\Controllers\AccountControllerTest.cs:line 274
</StackTrace>
        </ErrorInfo>
      </Output>
    </UnitTestResult>
    <UnitTestResult executionId="2e8a0963-a4e7-4283-b08c-d9a28dfc93f9" testId="34939394-7f95-033d-78d3-ee4189fe58a8" testName="LogOff_LogsOutAndRedirects" computerName="DIAL4JOBZ-PC" duration="00:00:00.0018243" startTime="2014-03-17T10:14:08.9382674+05:30" endTime="2014-03-17T10:14:08.9442678+05:30" testType="13cdc9d9-ddb5-4fa4-a97d-d965ccfc6d4b" outcome="Failed" testListId="8c84fa94-04c1-424b-9868-57a2d4851a1d" relativeResultsDirectory="2e8a0963-a4e7-4283-b08c-d9a28dfc93f9">
      <Output>
        <ErrorInfo>
          <Message>Test method Dial4Jobz.Tests.Controllers.AccountControllerTest.LogOff_LogsOutAndRedirects threw exception: 
System.ArgumentException: The specified named connection is either not found in the configuration, not intended to be used with the EntityClient provider, or not valid.</Message>
          <StackTrace>    at System.Data.EntityClient.EntityConnection.ChangeConnectionString(String newConnectionString)
   at System.Data.EntityClient.EntityConnection..ctor(String connectionString)
   at System.Data.Objects.ObjectContext.CreateEntityConnection(String connectionString)
   at System.Data.Objects.ObjectContext..ctor(String connectionString, String defaultContainerName)
   at Dial4Jobz.Models.Dial4JobzEntities..ctor() in D:\udhaya\kannan\latest\D4J (1)\D4J\Dial4Jobz\Dial4Jobz\Models\Dial4Jobz.Designer.cs:line 93
   at Dial4Jobz.Models.Repositories.Repository..ctor() in D:\udhaya\kannan\latest\D4J (1)\D4J\Dial4Jobz\Dial4Jobz\Models\Repositories\Repository.cs:line 14
   at Dial4Jobz.Controllers.AccountController..ctor() in D:\udhaya\kannan\latest\D4J (1)\D4J\Dial4Jobz\Dial4Jobz\Controllers\AccountController.cs:line 22
   at Dial4Jobz.Tests.Controllers.AccountControllerTest.GetAccountController() in D:\udhaya\kannan\latest\D4J (1)\D4J\Dial4Jobz\Dial4Jobz.Tests\Controllers\AccountControllerTest.cs:line 322
   at Dial4Jobz.Tests.Controllers.AccountControllerTest.LogOff_LogsOutAndRedirects() in D:\udhaya\kannan\latest\D4J (1)\D4J\Dial4Jobz\Dial4Jobz.Tests\Controllers\AccountControllerTest.cs:line 117
</StackTrace>
        </ErrorInfo>
      </Output>
    </UnitTestResult>
    <UnitTestResult executionId="e7db0ec4-9d46-4273-8332-dae52709134c" testId="425a2982-2abe-aa89-cb98-83febba728bb" testName="Register_Post_ReturnsViewIfModelStateIsInvalid" computerName="DIAL4JOBZ-PC" duration="00:00:00.0018204" startTime="2014-03-17T10:14:08.9482680+05:30" endTime="2014-03-17T10:14:08.9522682+05:30" testType="13cdc9d9-ddb5-4fa4-a97d-d965ccfc6d4b" outcome="Failed" testListId="8c84fa94-04c1-424b-9868-57a2d4851a1d" relativeResultsDirectory="e7db0ec4-9d46-4273-8332-dae52709134c">
      <Output>
        <ErrorInfo>
          <Message>Test method Dial4Jobz.Tests.Controllers.AccountControllerTest.Register_Post_ReturnsViewIfModelStateIsInvalid threw exception: 
System.ArgumentException: The specified named connection is either not found in the configuration, not intended to be used with the EntityClient provider, or not valid.</Message>
          <StackTrace>    at System.Data.EntityClient.EntityConnection.ChangeConnectionString(String newConnectionString)
   at System.Data.EntityClient.EntityConnection..ctor(String connectionString)
   at System.Data.Objects.ObjectContext.CreateEntityConnection(String connectionString)
   at System.Data.Objects.ObjectContext..ctor(String connectionString, String defaultContainerName)
   at Dial4Jobz.Models.Dial4JobzEntities..ctor() in D:\udhaya\kannan\latest\D4J (1)\D4J\Dial4Jobz\Dial4Jobz\Models\Dial4Jobz.Designer.cs:line 93
   at Dial4Jobz.Models.Repositories.Repository..ctor() in D:\udhaya\kannan\latest\D4J (1)\D4J\Dial4Jobz\Dial4Jobz\Models\Repositories\Repository.cs:line 14
   at Dial4Jobz.Controllers.AccountController..ctor() in D:\udhaya\kannan\latest\D4J (1)\D4J\Dial4Jobz\Dial4Jobz\Controllers\AccountController.cs:line 22
   at Dial4Jobz.Tests.Controllers.AccountControllerTest.GetAccountController() in D:\udhaya\kannan\latest\D4J (1)\D4J\Dial4Jobz\Dial4Jobz.Tests\Controllers\AccountControllerTest.cs:line 322
   at Dial4Jobz.Tests.Controllers.AccountControllerTest.Register_Post_ReturnsViewIfModelStateIsInvalid() in D:\udhaya\kannan\latest\D4J (1)\D4J\Dial4Jobz\Dial4Jobz.Tests\Controllers\AccountControllerTest.cs:line 299
</StackTrace>
        </ErrorInfo>
      </Output>
    </UnitTestResult>
    <UnitTestResult executionId="09188aeb-0e19-4a40-a4db-525cec21e9c5" testId="480e3065-4e9d-c2e5-85e5-151883a23700" testName="ChangePassword_Post_ReturnsViewIfChangePasswordFails" computerName="DIAL4JOBZ-PC" duration="00:00:00.0019099" startTime="2014-03-17T10:14:08.9532683+05:30" endTime="2014-03-17T10:14:08.9592686+05:30" testType="13cdc9d9-ddb5-4fa4-a97d-d965ccfc6d4b" outcome="Failed" testListId="8c84fa94-04c1-424b-9868-57a2d4851a1d" relativeResultsDirectory="09188aeb-0e19-4a40-a4db-525cec21e9c5">
      <Output>
        <ErrorInfo>
          <Message>Test method Dial4Jobz.Tests.Controllers.AccountControllerTest.ChangePassword_Post_ReturnsViewIfChangePasswordFails threw exception: 
System.ArgumentException: The specified named connection is either not found in the configuration, not intended to be used with the EntityClient provider, or not valid.</Message>
          <StackTrace>    at System.Data.EntityClient.EntityConnection.ChangeConnectionString(String newConnectionString)
   at System.Data.EntityClient.EntityConnection..ctor(String connectionString)
   at System.Data.Objects.ObjectContext.CreateEntityConnection(String connectionString)
   at System.Data.Objects.ObjectContext..ctor(String connectionString, String defaultContainerName)
   at Dial4Jobz.Models.Dial4JobzEntities..ctor() in D:\udhaya\kannan\latest\D4J (1)\D4J\Dial4Jobz\Dial4Jobz\Models\Dial4Jobz.Designer.cs:line 93
   at Dial4Jobz.Models.Repositories.Repository..ctor() in D:\udhaya\kannan\latest\D4J (1)\D4J\Dial4Jobz\Dial4Jobz\Models\Repositories\Repository.cs:line 14
   at Dial4Jobz.Controllers.AccountController..ctor() in D:\udhaya\kannan\latest\D4J (1)\D4J\Dial4Jobz\Dial4Jobz\Controllers\AccountController.cs:line 22
   at Dial4Jobz.Tests.Controllers.AccountControllerTest.GetAccountController() in D:\udhaya\kannan\latest\D4J (1)\D4J\Dial4Jobz\Dial4Jobz.Tests\Controllers\AccountControllerTest.cs:line 322
   at Dial4Jobz.Tests.Controllers.AccountControllerTest.ChangePassword_Post_ReturnsViewIfChangePasswordFails() in D:\udhaya\kannan\latest\D4J (1)\D4J\Dial4Jobz\Dial4Jobz.Tests\Controllers\AccountControllerTest.cs:line 58
</StackTrace>
        </ErrorInfo>
      </Output>
    </UnitTestResult>
    <UnitTestResult executionId="48b54171-b467-45da-a9f3-6bbe3c36aaf7" testId="6cd5f15c-af3a-a13c-5eda-62a3835ebe18" testName="LogOn_Post_ReturnsRedirectOnSuccess_WithReturnUrl" computerName="DIAL4JOBZ-PC" duration="00:00:00.0018568" startTime="2014-03-17T10:14:08.9612687+05:30" endTime="2014-03-17T10:14:08.9662690+05:30" testType="13cdc9d9-ddb5-4fa4-a97d-d965ccfc6d4b" outcome="Failed" testListId="8c84fa94-04c1-424b-9868-57a2d4851a1d" relativeResultsDirectory="48b54171-b467-45da-a9f3-6bbe3c36aaf7">
      <Output>
        <ErrorInfo>
          <Message>Test method Dial4Jobz.Tests.Controllers.AccountControllerTest.LogOn_Post_ReturnsRedirectOnSuccess_WithReturnUrl threw exception: 
System.ArgumentException: The specified named connection is either not found in the configuration, not intended to be used with the EntityClient provider, or not valid.</Message>
          <StackTrace>    at System.Data.EntityClient.EntityConnection.ChangeConnectionString(String newConnectionString)
   at System.Data.EntityClient.EntityConnection..ctor(String connectionString)
   at System.Data.Objects.ObjectContext.CreateEntityConnection(String connectionString)
   at System.Data.Objects.ObjectContext..ctor(String connectionString, String defaultContainerName)
   at Dial4Jobz.Models.Dial4JobzEntities..ctor() in D:\udhaya\kannan\latest\D4J (1)\D4J\Dial4Jobz\Dial4Jobz\Models\Dial4Jobz.Designer.cs:line 93
   at Dial4Jobz.Models.Repositories.Repository..ctor() in D:\udhaya\kannan\latest\D4J (1)\D4J\Dial4Jobz\Dial4Jobz\Models\Repositories\Repository.cs:line 14
   at Dial4Jobz.Controllers.AccountController..ctor() in D:\udhaya\kannan\latest\D4J (1)\D4J\Dial4Jobz\Dial4Jobz\Controllers\AccountController.cs:line 22
   at Dial4Jobz.Tests.Controllers.AccountControllerTest.GetAccountController() in D:\udhaya\kannan\latest\D4J (1)\D4J\Dial4Jobz\Dial4Jobz.Tests\Controllers\AccountControllerTest.cs:line 322
   at Dial4Jobz.Tests.Controllers.AccountControllerTest.LogOn_Post_ReturnsRedirectOnSuccess_WithReturnUrl() in D:\udhaya\kannan\latest\D4J (1)\D4J\Dial4Jobz\Dial4Jobz.Tests\Controllers\AccountControllerTest.cs:line 170
</StackTrace>
        </ErrorInfo>
      </Output>
    </UnitTestResult>
    <UnitTestResult executionId="a124a40e-09d4-46d9-b900-9335a85eb29c" testId="7b4c101a-0ba7-1901-9a66-a2f27ae7e7d2" testName="ChangePassword_Post_ReturnsRedirectOnSuccess" computerName="DIAL4JOBZ-PC" duration="00:00:00.0017528" startTime="2014-03-17T10:14:08.9682691+05:30" endTime="2014-03-17T10:14:08.9742695+05:30" testType="13cdc9d9-ddb5-4fa4-a97d-d965ccfc6d4b" outcome="Failed" testListId="8c84fa94-04c1-424b-9868-57a2d4851a1d" relativeResultsDirectory="a124a40e-09d4-46d9-b900-9335a85eb29c">
      <Output>
        <ErrorInfo>
          <Message>Test method Dial4Jobz.Tests.Controllers.AccountControllerTest.ChangePassword_Post_ReturnsRedirectOnSuccess threw exception: 
System.ArgumentException: The specified named connection is either not found in the configuration, not intended to be used with the EntityClient provider, or not valid.</Message>
          <StackTrace>    at System.Data.EntityClient.EntityConnection.ChangeConnectionString(String newConnectionString)
   at System.Data.EntityClient.EntityConnection..ctor(String connectionString)
   at System.Data.Objects.ObjectContext.CreateEntityConnection(String connectionString)
   at System.Data.Objects.ObjectContext..ctor(String connectionString, String defaultContainerName)
   at Dial4Jobz.Models.Dial4JobzEntities..ctor() in D:\udhaya\kannan\latest\D4J (1)\D4J\Dial4Jobz\Dial4Jobz\Models\Dial4Jobz.Designer.cs:line 93
   at Dial4Jobz.Models.Repositories.Repository..ctor() in D:\udhaya\kannan\latest\D4J (1)\D4J\Dial4Jobz\Dial4Jobz\Models\Repositories\Repository.cs:line 14
   at Dial4Jobz.Controllers.AccountController..ctor() in D:\udhaya\kannan\latest\D4J (1)\D4J\Dial4Jobz\Dial4Jobz\Controllers\AccountController.cs:line 22
   at Dial4Jobz.Tests.Controllers.AccountControllerTest.GetAccountController() in D:\udhaya\kannan\latest\D4J (1)\D4J\Dial4Jobz\Dial4Jobz.Tests\Controllers\AccountControllerTest.cs:line 322
   at Dial4Jobz.Tests.Controllers.AccountControllerTest.ChangePassword_Post_ReturnsRedirectOnSuccess() in D:\udhaya\kannan\latest\D4J (1)\D4J\Dial4Jobz\Dial4Jobz.Tests\Controllers\AccountControllerTest.cs:line 37
</StackTrace>
        </ErrorInfo>
      </Output>
    </UnitTestResult>
    <UnitTestResult executionId="513bddc9-a974-4d47-bfb7-0a55d03f403a" testId="97377115-8f77-730e-b40c-f370f3479b61" testName="About" computerName="DIAL4JOBZ-PC" duration="00:00:00.0015879" startTime="2014-03-17T10:14:08.9762696+05:30" endTime="2014-03-17T10:14:08.9822699+05:30" testType="13cdc9d9-ddb5-4fa4-a97d-d965ccfc6d4b" outcome="Failed" testListId="8c84fa94-04c1-424b-9868-57a2d4851a1d" relativeResultsDirectory="513bddc9-a974-4d47-bfb7-0a55d03f403a">
      <Output>
        <ErrorInfo>
          <Message>Test method Dial4Jobz.Tests.Controllers.HomeControllerTest.About threw exception: 
System.ArgumentException: The specified named connection is either not found in the configuration, not intended to be used with the EntityClient provider, or not valid.</Message>
          <StackTrace>    at System.Data.EntityClient.EntityConnection.ChangeConnectionString(String newConnectionString)
   at System.Data.EntityClient.EntityConnection..ctor(String connectionString)
   at System.Data.Objects.ObjectContext.CreateEntityConnection(String connectionString)
   at System.Data.Objects.ObjectContext..ctor(String connectionString, String defaultContainerName)
   at Dial4Jobz.Models.Dial4JobzEntities..ctor() in D:\udhaya\kannan\latest\D4J (1)\D4J\Dial4Jobz\Dial4Jobz\Models\Dial4Jobz.Designer.cs:line 93
   at Dial4Jobz.Models.Repositories.Repository..ctor() in D:\udhaya\kannan\latest\D4J (1)\D4J\Dial4Jobz\Dial4Jobz\Models\Repositories\Repository.cs:line 14
   at Dial4Jobz.Controllers.HomeController..ctor() in D:\udhaya\kannan\latest\D4J (1)\D4J\Dial4Jobz\Dial4Jobz\Controllers\HomeController.cs:line 20
   at Dial4Jobz.Tests.Controllers.HomeControllerTest.About() in D:\udhaya\kannan\latest\D4J (1)\D4J\Dial4Jobz\Dial4Jobz.Tests\Controllers\HomeControllerTest.cs:line 33
</StackTrace>
        </ErrorInfo>
      </Output>
    </UnitTestResult>
    <UnitTestResult executionId="4739de61-ab85-47de-9838-bfbad43da6af" testId="a1e3cebc-a18c-1bbe-e878-e5aac6e12e67" testName="LogOn_Post_ReturnsViewIfModelStateIsInvalid" computerName="DIAL4JOBZ-PC" duration="00:00:00.0017772" startTime="2014-03-17T10:14:08.9862702+05:30" endTime="2014-03-17T10:14:08.9902704+05:30" testType="13cdc9d9-ddb5-4fa4-a97d-d965ccfc6d4b" outcome="Failed" testListId="8c84fa94-04c1-424b-9868-57a2d4851a1d" relativeResultsDirectory="4739de61-ab85-47de-9838-bfbad43da6af">
      <Output>
        <ErrorInfo>
          <Message>Test method Dial4Jobz.Tests.Controllers.AccountControllerTest.LogOn_Post_ReturnsViewIfModelStateIsInvalid threw exception: 
System.ArgumentException: The specified named connection is either not found in the configuration, not intended to be used with the EntityClient provider, or not valid.</Message>
          <StackTrace>    at System.Data.EntityClient.EntityConnection.ChangeConnectionString(String newConnectionString)
   at System.Data.EntityClient.EntityConnection..ctor(String connectionString)
   at System.Data.Objects.ObjectContext.CreateEntityConnection(String connectionString)
   at System.Data.Objects.ObjectContext..ctor(String connectionString, String defaultContainerName)
   at Dial4Jobz.Models.Dial4JobzEntities..ctor() in D:\udhaya\kannan\latest\D4J (1)\D4J\Dial4Jobz\Dial4Jobz\Models\Dial4Jobz.Designer.cs:line 93
   at Dial4Jobz.Models.Repositories.Repository..ctor() in D:\udhaya\kannan\latest\D4J (1)\D4J\Dial4Jobz\Dial4Jobz\Models\Repositories\Repository.cs:line 14
   at Dial4Jobz.Controllers.AccountController..ctor() in D:\udhaya\kannan\latest\D4J (1)\D4J\Dial4Jobz\Dial4Jobz\Controllers\AccountController.cs:line 22
   at Dial4Jobz.Tests.Controllers.AccountControllerTest.GetAccountController() in D:\udhaya\kannan\latest\D4J (1)\D4J\Dial4Jobz\Dial4Jobz.Tests\Controllers\AccountControllerTest.cs:line 322
   at Dial4Jobz.Tests.Controllers.AccountControllerTest.LogOn_Post_ReturnsViewIfModelStateIsInvalid() in D:\udhaya\kannan\latest\D4J (1)\D4J\Dial4Jobz\Dial4Jobz.Tests\Controllers\AccountControllerTest.cs:line 192
</StackTrace>
        </ErrorInfo>
      </Output>
    </UnitTestResult>
    <UnitTestResult executionId="4d30517c-6874-49cf-b18f-5d7678ba3319" testId="a6494fca-178f-bab7-7303-58228f4f8840" testName="ChangePassword_Post_ReturnsViewIfModelStateIsInvalid" computerName="DIAL4JOBZ-PC" duration="00:00:00.0018752" startTime="2014-03-17T10:14:08.9942706+05:30" endTime="2014-03-17T10:14:08.9982709+05:30" testType="13cdc9d9-ddb5-4fa4-a97d-d965ccfc6d4b" outcome="Failed" testListId="8c84fa94-04c1-424b-9868-57a2d4851a1d" relativeResultsDirectory="4d30517c-6874-49cf-b18f-5d7678ba3319">
      <Output>
        <ErrorInfo>
          <Message>Test method Dial4Jobz.Tests.Controllers.AccountControllerTest.ChangePassword_Post_ReturnsViewIfModelStateIsInvalid threw exception: 
System.ArgumentException: The specified named connection is either not found in the configuration, not intended to be used with the EntityClient provider, or not valid.</Message>
          <StackTrace>    at System.Data.EntityClient.EntityConnection.ChangeConnectionString(String newConnectionString)
   at System.Data.EntityClient.EntityConnection..ctor(String connectionString)
   at System.Data.Objects.ObjectContext.CreateEntityConnection(String connectionString)
   at System.Data.Objects.ObjectContext..ctor(String connectionString, String defaultContainerName)
   at Dial4Jobz.Models.Dial4JobzEntities..ctor() in D:\udhaya\kannan\latest\D4J (1)\D4J\Dial4Jobz\Dial4Jobz\Models\Dial4Jobz.Designer.cs:line 93
   at Dial4Jobz.Models.Repositories.Repository..ctor() in D:\udhaya\kannan\latest\D4J (1)\D4J\Dial4Jobz\Dial4Jobz\Models\Repositories\Repository.cs:line 14
   at Dial4Jobz.Controllers.AccountController..ctor() in D:\udhaya\kannan\latest\D4J (1)\D4J\Dial4Jobz\Dial4Jobz\Controllers\AccountController.cs:line 22
   at Dial4Jobz.Tests.Controllers.AccountControllerTest.GetAccountController() in D:\udhaya\kannan\latest\D4J (1)\D4J\Dial4Jobz\Dial4Jobz.Tests\Controllers\AccountControllerTest.cs:line 322
   at Dial4Jobz.Tests.Controllers.AccountControllerTest.ChangePassword_Post_ReturnsViewIfModelStateIsInvalid() in D:\udhaya\kannan\latest\D4J (1)\D4J\Dial4Jobz\Dial4Jobz.Tests\Controllers\AccountControllerTest.cs:line 81
</StackTrace>
        </ErrorInfo>
      </Output>
    </UnitTestResult>
    <UnitTestResult executionId="0d857e98-efb5-4a3c-9559-7b2891940282" testId="b47b0f2b-2e0c-1785-8628-2e60de42438e" testName="Register_Get_ReturnsView" computerName="DIAL4JOBZ-PC" duration="00:00:00.0017744" startTime="2014-03-17T10:14:09.0002710+05:30" endTime="2014-03-17T10:14:09.0052713+05:30" testType="13cdc9d9-ddb5-4fa4-a97d-d965ccfc6d4b" outcome="Failed" testListId="8c84fa94-04c1-424b-9868-57a2d4851a1d" relativeResultsDirectory="0d857e98-efb5-4a3c-9559-7b2891940282">
      <Output>
        <ErrorInfo>
          <Message>Test method Dial4Jobz.Tests.Controllers.AccountControllerTest.Register_Get_ReturnsView threw exception: 
System.ArgumentException: The specified named connection is either not found in the configuration, not intended to be used with the EntityClient provider, or not valid.</Message>
          <StackTrace>    at System.Data.EntityClient.EntityConnection.ChangeConnectionString(String newConnectionString)
   at System.Data.EntityClient.EntityConnection..ctor(String connectionString)
   at System.Data.Objects.ObjectContext.CreateEntityConnection(String connectionString)
   at System.Data.Objects.ObjectContext..ctor(String connectionString, String defaultContainerName)
   at Dial4Jobz.Models.Dial4JobzEntities..ctor() in D:\udhaya\kannan\latest\D4J (1)\D4J\Dial4Jobz\Dial4Jobz\Models\Dial4Jobz.Designer.cs:line 93
   at Dial4Jobz.Models.Repositories.Repository..ctor() in D:\udhaya\kannan\latest\D4J (1)\D4J\Dial4Jobz\Dial4Jobz\Models\Repositories\Repository.cs:line 14
   at Dial4Jobz.Controllers.AccountController..ctor() in D:\udhaya\kannan\latest\D4J (1)\D4J\Dial4Jobz\Dial4Jobz\Controllers\AccountController.cs:line 22
   at Dial4Jobz.Tests.Controllers.AccountControllerTest.GetAccountController() in D:\udhaya\kannan\latest\D4J (1)\D4J\Dial4Jobz\Dial4Jobz.Tests\Controllers\AccountControllerTest.cs:line 322
   at Dial4Jobz.Tests.Controllers.AccountControllerTest.Register_Get_ReturnsView() in D:\udhaya\kannan\latest\D4J (1)\D4J\Dial4Jobz\Dial4Jobz.Tests\Controllers\AccountControllerTest.cs:line 236
</StackTrace>
        </ErrorInfo>
      </Output>
    </UnitTestResult>
    <UnitTestResult executionId="0acb78a7-5377-4e6a-bd37-86143260dd90" testId="c4a50e0e-5e0b-a5ac-3bf3-3a8ea76c3904" testName="LogOn_Get_ReturnsView" computerName="DIAL4JOBZ-PC" duration="00:00:00.0017107" startTime="2014-03-17T10:14:09.0092715+05:30" endTime="2014-03-17T10:14:09.0132717+05:30" testType="13cdc9d9-ddb5-4fa4-a97d-d965ccfc6d4b" outcome="Failed" testListId="8c84fa94-04c1-424b-9868-57a2d4851a1d" relativeResultsDirectory="0acb78a7-5377-4e6a-bd37-86143260dd90">
      <Output>
        <ErrorInfo>
          <Message>Test method Dial4Jobz.Tests.Controllers.AccountControllerTest.LogOn_Get_ReturnsView threw exception: 
System.ArgumentException: The specified named connection is either not found in the configuration, not intended to be used with the EntityClient provider, or not valid.</Message>
          <StackTrace>    at System.Data.EntityClient.EntityConnection.ChangeConnectionString(String newConnectionString)
   at System.Data.EntityClient.EntityConnection..ctor(String connectionString)
   at System.Data.Objects.ObjectContext.CreateEntityConnection(String connectionString)
   at System.Data.Objects.ObjectContext..ctor(String connectionString, String defaultContainerName)
   at Dial4Jobz.Models.Dial4JobzEntities..ctor() in D:\udhaya\kannan\latest\D4J (1)\D4J\Dial4Jobz\Dial4Jobz\Models\Dial4Jobz.Designer.cs:line 93
   at Dial4Jobz.Models.Repositories.Repository..ctor() in D:\udhaya\kannan\latest\D4J (1)\D4J\Dial4Jobz\Dial4Jobz\Models\Repositories\Repository.cs:line 14
   at Dial4Jobz.Controllers.AccountController..ctor() in D:\udhaya\kannan\latest\D4J (1)\D4J\Dial4Jobz\Dial4Jobz\Controllers\AccountController.cs:line 22
   at Dial4Jobz.Tests.Controllers.AccountControllerTest.GetAccountController() in D:\udhaya\kannan\latest\D4J (1)\D4J\Dial4Jobz\Dial4Jobz.Tests\Controllers\AccountControllerTest.cs:line 322
   at Dial4Jobz.Tests.Controllers.AccountControllerTest.LogOn_Get_ReturnsView() in D:\udhaya\kannan\latest\D4J (1)\D4J\Dial4Jobz\Dial4Jobz.Tests\Controllers\AccountControllerTest.cs:line 134
</StackTrace>
        </ErrorInfo>
      </Output>
    </UnitTestResult>
    <UnitTestResult executionId="eb1c021d-ec50-45d2-b8ae-e556a9bc76a1" testId="d0dd70e2-6bbc-0b21-2af5-412af563a0e6" testName="LogOn_Post_ReturnsViewIfValidateUserFails" computerName="DIAL4JOBZ-PC" duration="00:00:00.0018646" startTime="2014-03-17T10:14:09.0172719+05:30" endTime="2014-03-17T10:14:09.0212722+05:30" testType="13cdc9d9-ddb5-4fa4-a97d-d965ccfc6d4b" outcome="Failed" testListId="8c84fa94-04c1-424b-9868-57a2d4851a1d" relativeResultsDirectory="eb1c021d-ec50-45d2-b8ae-e556a9bc76a1">
      <Output>
        <ErrorInfo>
          <Message>Test method Dial4Jobz.Tests.Controllers.AccountControllerTest.LogOn_Post_ReturnsViewIfValidateUserFails threw exception: 
System.ArgumentException: The specified named connection is either not found in the configuration, not intended to be used with the EntityClient provider, or not valid.</Message>
          <StackTrace>    at System.Data.EntityClient.EntityConnection.ChangeConnectionString(String newConnectionString)
   at System.Data.EntityClient.EntityConnection..ctor(String connectionString)
   at System.Data.Objects.ObjectContext.CreateEntityConnection(String connectionString)
   at System.Data.Objects.ObjectContext..ctor(String connectionString, String defaultContainerName)
   at Dial4Jobz.Models.Dial4JobzEntities..ctor() in D:\udhaya\kannan\latest\D4J (1)\D4J\Dial4Jobz\Dial4Jobz\Models\Dial4Jobz.Designer.cs:line 93
   at Dial4Jobz.Models.Repositories.Repository..ctor() in D:\udhaya\kannan\latest\D4J (1)\D4J\Dial4Jobz\Dial4Jobz\Models\Repositories\Repository.cs:line 14
   at Dial4Jobz.Controllers.AccountController..ctor() in D:\udhaya\kannan\latest\D4J (1)\D4J\Dial4Jobz\Dial4Jobz\Controllers\AccountController.cs:line 22
   at Dial4Jobz.Tests.Controllers.AccountControllerTest.GetAccountController() in D:\udhaya\kannan\latest\D4J (1)\D4J\Dial4Jobz\Dial4Jobz.Tests\Controllers\AccountControllerTest.cs:line 322
   at Dial4Jobz.Tests.Controllers.AccountControllerTest.LogOn_Post_ReturnsViewIfValidateUserFails() in D:\udhaya\kannan\latest\D4J (1)\D4J\Dial4Jobz\Dial4Jobz.Tests\Controllers\AccountControllerTest.cs:line 214
</StackTrace>
        </ErrorInfo>
      </Output>
    </UnitTestResult>
    <UnitTestResult executionId="213c34d8-708e-412e-b6cf-a47cb6d5504d" testId="dbfc1878-09ba-49b0-1b06-5ed7cf8bc1b0" testName="Register_Post_ReturnsRedirectOnSuccess" computerName="DIAL4JOBZ-PC" duration="00:00:00.0018558" startTime="2014-03-17T10:14:09.0232723+05:30" endTime="2014-03-17T10:14:09.0292726+05:30" testType="13cdc9d9-ddb5-4fa4-a97d-d965ccfc6d4b" outcome="Failed" testListId="8c84fa94-04c1-424b-9868-57a2d4851a1d" relativeResultsDirectory="213c34d8-708e-412e-b6cf-a47cb6d5504d">
      <Output>
        <ErrorInfo>
          <Message>Test method Dial4Jobz.Tests.Controllers.AccountControllerTest.Register_Post_ReturnsRedirectOnSuccess threw exception: 
System.ArgumentException: The specified named connection is either not found in the configuration, not intended to be used with the EntityClient provider, or not valid.</Message>
          <StackTrace>    at System.Data.EntityClient.EntityConnection.ChangeConnectionString(String newConnectionString)
   at System.Data.EntityClient.EntityConnection..ctor(String connectionString)
   at System.Data.Objects.ObjectContext.CreateEntityConnection(String connectionString)
   at System.Data.Objects.ObjectContext..ctor(String connectionString, String defaultContainerName)
   at Dial4Jobz.Models.Dial4JobzEntities..ctor() in D:\udhaya\kannan\latest\D4J (1)\D4J\Dial4Jobz\Dial4Jobz\Models\Dial4Jobz.Designer.cs:line 93
   at Dial4Jobz.Models.Repositories.Repository..ctor() in D:\udhaya\kannan\latest\D4J (1)\D4J\Dial4Jobz\Dial4Jobz\Models\Repositories\Repository.cs:line 14
   at Dial4Jobz.Controllers.AccountController..ctor() in D:\udhaya\kannan\latest\D4J (1)\D4J\Dial4Jobz\Dial4Jobz\Controllers\AccountController.cs:line 22
   at Dial4Jobz.Tests.Controllers.AccountControllerTest.GetAccountController() in D:\udhaya\kannan\latest\D4J (1)\D4J\Dial4Jobz\Dial4Jobz.Tests\Controllers\AccountControllerTest.cs:line 322
   at Dial4Jobz.Tests.Controllers.AccountControllerTest.Register_Post_ReturnsRedirectOnSuccess() in D:\udhaya\kannan\latest\D4J (1)\D4J\Dial4Jobz\Dial4Jobz.Tests\Controllers\AccountControllerTest.cs:line 250
</StackTrace>
        </ErrorInfo>
      </Output>
    </UnitTestResult>
  </Results>
</TestRun>